---
source: crates/quarto-lsp-core/src/tokens.rs
expression: rendered
---
0:0-3 qmd.punctuation.delimiter.frontmatter
1:0-5 qmd.code.property
1:5-6 qmd.code.punctuation
1:7-13 qmd.code.string
2:0-6 qmd.code.property
2:6-7 qmd.code.punctuation
2:8-9 qmd.code.string
3:0-3 qmd.punctuation.delimiter.frontmatter
5:0-1 qmd.punctuation.special
5:1-13 qmd.markup.heading
7:0-2 qmd.punctuation.special
7:2-14 qmd.markup.heading
9:16-18 qmd.punctuation.special
9:18-26 qmd.markup.emphasis
9:26-27 qmd.punctuation.special
9:28-31 qmd.punctuation.special
9:31-37 qmd.markup.strong
9:37-39 qmd.punctuation.special
9:40-43 qmd.punctuation.special
9:43-49 qmd.markup.strikethrough
9:49-51 qmd.punctuation.special
9:55-57 qmd.punctuation.special
9:57-68 qmd.markup.raw.inline
9:68-69 qmd.punctuation.special
11:2-3 qmd.punctuation.bracket
11:3-7 qmd.markup.link.label
11:9-28 qmd.markup.link.url
11:29-36 qmd.markup.link.title
11:36-37 qmd.punctuation.bracket
11:45-47 qmd.punctuation.special.image
11:47-52 qmd.markup.image.label
11:54-62 qmd.markup.image.url
11:62-63 qmd.punctuation.bracket
11:63-81 qmd.attribute.specifier
13:2-3 qmd.punctuation.bracket
13:15-22 qmd.attribute.specifier
13:28-51 qmd.markup.shortcode
15:12-19 qmd.markup.math
17:0-2 qmd.markup.math
18:0-5 qmd.markup.math
19:0-2 qmd.markup.math
21:0-2 qmd.markup.quote
23:0-2 qmd.markup.list
24:0-2 qmd.markup.list
26:4-11 qmd.markup.raw
26:14-21 qmd.markup.raw
28:0-3 qmd.punctuation.delimiter.fence
28:3-6 qmd.attribute.specifier
29:0-1 qmd.code.variable
29:2-4 qmd.code.operator
29:5-6 qmd.code.number
30:0-3 qmd.punctuation.delimiter.fence
32:0-3 qmd.punctuation.delimiter.fence
32:3-9 qmd.markup.raw.info
33:0-6 qmd.code.keyword
33:7-9 qmd.code.variable
34:0-3 qmd.punctuation.delimiter.fence
