---
source: crates/pampa/tests/test.rs
expression: output
---
[ Table ( "" , [] , [] ) (Caption Nothing []) [(AlignLeft, ColWidthDefault), (AlignCenter, ColWidthDefault), (AlignRight, ColWidthDefault)] (TableHead ( "" , [] , [] ) [Row ( "" , [] , [] ) [Cell ( "" , [] , [] ) AlignDefault (RowSpan 1) (ColSpan 1) [Plain [Str "Left"]] , Cell ( "" , [] , [] ) AlignDefault (RowSpan 1) (ColSpan 1) [Plain [Str "Center"]] , Cell ( "" , [] , [] ) AlignDefault (RowSpan 1) (ColSpan 1) [Plain [Str "Right"]] ] ]) [TableBody ( "" , [] , [] ) (RowHeadColumns 0) [] [Row ( "" , [] , [] ) [Cell ( "" , [] , [] ) AlignDefault (RowSpan 1) (ColSpan 1) [Plain [Str "A"]] , Cell ( "" , [] , [] ) AlignDefault (RowSpan 1) (ColSpan 1) [Plain [Str "B"]] , Cell ( "" , [] , [] ) AlignDefault (RowSpan 1) (ColSpan 1) [Plain [Str "C"]] ] ]] (TableFoot ( "" , [] , [] ) [] ) ]
